2026-07-21 14:30:21,942 INFO     Loading boxscore_batting for seasons 2024–2024...
2026-07-21 14:30:30,348 INFO       boxscore_batting: 68,895 rows, 19 columns
2026-07-21 14:30:30,349 INFO     Loading boxscore_pitching for seasons 2024–2024...
2026-07-21 14:30:37,852 INFO       boxscore_pitching: 27,297 rows, 19 columns
2026-07-21 14:30:37,852 INFO     Loading linescore for seasons 2024–2024...
2026-07-21 14:30:41,111 INFO       linescore: 27,118 rows, 5 columns
2026-07-21 14:30:41,112 INFO     Loading pitches for seasons 2024–2024...
2026-07-21 14:31:03,251 INFO       pitches: 970,392 rows, 61 columns
2026-07-21 14:31:03,252 INFO     Loading pitches_raw for seasons 2024–2024...
2026-07-21 14:31:13,782 INFO       pitches_raw: 970,392 rows, 24 columns
2026-07-21 14:31:13,782 INFO     Loading players for seasons 2024–2024...
2026-07-21 14:31:40,804 INFO       players: 51,130 rows, 1 columns
2026-07-22 01:56:37,762 INFO     Loading boxscore_batting for seasons 2015–2024...
2026-07-22 01:57:42,942 INFO       boxscore_batting: 718,698 rows, 19 columns
2026-07-22 01:57:42,942 INFO     Loading boxscore_pitching for seasons 2015–2024...
2026-07-22 01:58:47,269 INFO       boxscore_pitching: 257,465 rows, 19 columns
2026-07-22 01:58:47,270 INFO     Loading linescore for seasons 2015–2024...
2026-07-22 01:59:11,183 INFO       linescore: 254,772 rows, 5 columns
2026-07-22 01:59:11,183 INFO     Loading pitches for seasons 2015–2024...
2026-07-22 02:02:27,005 INFO       pitches: 8,743,399 rows, 61 columns
2026-07-22 02:02:27,006 INFO     Loading pitches_raw for seasons 2015–2024...
2026-07-22 02:03:57,059 INFO       pitches_raw: 8,743,399 rows, 24 columns
2026-07-22 02:03:57,059 INFO     Loading players for seasons 2015–2024...
2026-07-22 02:04:25,174 INFO       players: 51,137 rows, 1 columns
2026-07-22 02:06:01,930 INFO     Loading boxscore_batting for seasons 2015–2024...
2026-07-22 02:07:05,374 INFO       boxscore_batting: 718,698 rows, 19 columns
2026-07-22 02:07:05,375 INFO     Loading boxscore_pitching for seasons 2015–2024...
2026-07-22 02:08:09,384 INFO       boxscore_pitching: 257,465 rows, 19 columns
2026-07-22 02:08:09,384 INFO     Loading linescore for seasons 2015–2024...
2026-07-22 02:08:32,409 INFO       linescore: 256,116 rows, 5 columns
2026-07-22 02:08:32,409 INFO     Loading pitches for seasons 2015–2024...
2026-07-22 02:11:44,266 INFO       pitches: 8,743,399 rows, 61 columns
2026-07-22 02:11:44,267 INFO     Loading pitches_raw for seasons 2015–2024...
